[2026-03-19T22:20:03.073+0000] {local_task_job_runner.py:120} INFO - ::group::Pre task execution logs
[2026-03-19T22:20:03.098+0000] {taskinstance.py:2076} INFO - Dependencies all met for dep_context=non-requeueable deps ti=<TaskInstance: hackathon_pipeline_datalake.run_ocr scheduled__2026-03-19T22:15:00+00:00 [queued]>
[2026-03-19T22:20:03.104+0000] {taskinstance.py:2076} INFO - Dependencies all met for dep_context=requeueable deps ti=<TaskInstance: hackathon_pipeline_datalake.run_ocr scheduled__2026-03-19T22:15:00+00:00 [queued]>
[2026-03-19T22:20:03.105+0000] {taskinstance.py:2306} INFO - Starting attempt 1 of 2
[2026-03-19T22:20:03.113+0000] {taskinstance.py:2330} INFO - Executing <Task(PythonOperator): run_ocr> on 2026-03-19 22:15:00+00:00
[2026-03-19T22:20:03.121+0000] {standard_task_runner.py:90} INFO - Running: ['***', 'tasks', 'run', 'hackathon_pipeline_datalake', 'run_ocr', 'scheduled__2026-03-19T22:15:00+00:00', '--job-id', '293', '--raw', '--subdir', 'DAGS_FOLDER/pipeline_dag.py', '--cfg-path', '/tmp/tmpikegvm_y']
[2026-03-19T22:20:03.123+0000] {standard_task_runner.py:91} INFO - Job 293: Subtask run_ocr
[2026-03-19T22:20:03.123+0000] {logging_mixin.py:188} WARNING - /home/***/.local/lib/python3.12/site-packages/***/task/task_runner/standard_task_runner.py:61 DeprecationWarning: This process (pid=325) is multi-threaded, use of fork() may lead to deadlocks in the child.
[2026-03-19T22:20:03.124+0000] {standard_task_runner.py:63} INFO - Started process 326 to run task
[2026-03-19T22:20:03.167+0000] {task_command.py:426} INFO - Running <TaskInstance: hackathon_pipeline_datalake.run_ocr scheduled__2026-03-19T22:15:00+00:00 [running]> on host ce98eec11ff1
[2026-03-19T22:20:03.234+0000] {taskinstance.py:2648} INFO - Exporting env vars: AIRFLOW_CTX_DAG_OWNER='data-team' AIRFLOW_CTX_DAG_ID='hackathon_pipeline_datalake' AIRFLOW_CTX_TASK_ID='run_ocr' AIRFLOW_CTX_EXECUTION_DATE='2026-03-19T22:15:00+00:00' AIRFLOW_CTX_TRY_NUMBER='1' AIRFLOW_CTX_DAG_RUN_ID='scheduled__2026-03-19T22:15:00+00:00'
[2026-03-19T22:20:03.235+0000] {taskinstance.py:430} INFO - ::endgroup::
[2026-03-19T22:20:03.371+0000] {_client.py:1027} INFO - HTTP Request: POST http://ocr-service:8002/process "HTTP/1.1 404 NOT FOUND"
[2026-03-19T22:20:03.372+0000] {pipeline_dag.py:207} WARNING - [OCR] Service HTTP indisponible (Client error '404 NOT FOUND' for url 'http://ocr-service:8002/process'
For more information check: https://developer.mozilla.org/en-US/docs/Web/HTTP/Status/404), basculement sur OCR local...
[2026-03-19T22:20:04.048+0000] {taskinstance.py:441} INFO - ::group::Post task execution logs
[2026-03-19T22:20:04.050+0000] {taskinstance.py:2905} ERROR - Task failed with exception
Traceback (most recent call last):
  File "/opt/airflow/dags/pipeline_dag.py", line 200, in run_ocr
    resp.raise_for_status()
  File "/home/airflow/.local/lib/python3.12/site-packages/httpx/_models.py", line 759, in raise_for_status
    raise HTTPStatusError(message, request=request, response=self)
httpx.HTTPStatusError: Client error '404 NOT FOUND' for url 'http://ocr-service:8002/process'
For more information check: https://developer.mozilla.org/en-US/docs/Web/HTTP/Status/404

During handling of the above exception, another exception occurred:

Traceback (most recent call last):
  File "/home/airflow/.local/lib/python3.12/site-packages/pdf2image/pdf2image.py", line 581, in pdfinfo_from_path
    proc = Popen(command, env=env, stdout=PIPE, stderr=PIPE)
           ^^^^^^^^^^^^^^^^^^^^^^^^^^^^^^^^^^^^^^^^^^^^^^^^^
  File "/usr/local/lib/python3.12/subprocess.py", line 1026, in __init__
    self._execute_child(args, executable, preexec_fn, close_fds,
  File "/usr/local/lib/python3.12/subprocess.py", line 1955, in _execute_child
    raise child_exception_type(errno_num, err_msg, err_filename)
PermissionError: [Errno 13] Permission denied: 'pdfinfo'

During handling of the above exception, another exception occurred:

Traceback (most recent call last):
  File "/home/airflow/.local/lib/python3.12/site-packages/airflow/models/taskinstance.py", line 465, in _execute_task
    result = _execute_callable(context=context, **execute_callable_kwargs)
             ^^^^^^^^^^^^^^^^^^^^^^^^^^^^^^^^^^^^^^^^^^^^^^^^^^^^^^^^^^^^^
  File "/home/airflow/.local/lib/python3.12/site-packages/airflow/models/taskinstance.py", line 432, in _execute_callable
    return execute_callable(context=context, **execute_callable_kwargs)
           ^^^^^^^^^^^^^^^^^^^^^^^^^^^^^^^^^^^^^^^^^^^^^^^^^^^^^^^^^^^^
  File "/home/airflow/.local/lib/python3.12/site-packages/airflow/models/baseoperator.py", line 400, in wrapper
    return func(self, *args, **kwargs)
           ^^^^^^^^^^^^^^^^^^^^^^^^^^^
  File "/home/airflow/.local/lib/python3.12/site-packages/airflow/operators/python.py", line 235, in execute
    return_value = self.execute_callable()
                   ^^^^^^^^^^^^^^^^^^^^^^^
  File "/home/airflow/.local/lib/python3.12/site-packages/airflow/operators/python.py", line 252, in execute_callable
    return self.python_callable(*self.op_args, **self.op_kwargs)
           ^^^^^^^^^^^^^^^^^^^^^^^^^^^^^^^^^^^^^^^^^^^^^^^^^^^^^
  File "/opt/airflow/dags/pipeline_dag.py", line 217, in run_ocr
    ocr_text      = extract_text_from_pdf(Path(local_path))
                    ^^^^^^^^^^^^^^^^^^^^^^^^^^^^^^^^^^^^^^^
  File "/app/ocr-app/app/ocr_runner.py", line 30, in extract_text_from_pdf
    pages = convert_from_path(pdf_path, dpi=300)
            ^^^^^^^^^^^^^^^^^^^^^^^^^^^^^^^^^^^^
  File "/home/airflow/.local/lib/python3.12/site-packages/pdf2image/pdf2image.py", line 127, in convert_from_path
    page_count = pdfinfo_from_path(
                 ^^^^^^^^^^^^^^^^^^
  File "/home/airflow/.local/lib/python3.12/site-packages/pdf2image/pdf2image.py", line 607, in pdfinfo_from_path
    raise PDFInfoNotInstalledError(
pdf2image.exceptions.PDFInfoNotInstalledError: Unable to get page count. Is poppler installed and in PATH?
[2026-03-19T22:20:04.090+0000] {taskinstance.py:1206} INFO - Marking task as UP_FOR_RETRY. dag_id=hackathon_pipeline_datalake, task_id=run_ocr, run_id=scheduled__2026-03-19T22:15:00+00:00, execution_date=20260319T221500, start_date=20260319T222003, end_date=20260319T222004
[2026-03-19T22:20:04.106+0000] {standard_task_runner.py:110} ERROR - Failed to execute job 293 for task run_ocr (Unable to get page count. Is poppler installed and in PATH?; 326)
[2026-03-19T22:20:04.142+0000] {local_task_job_runner.py:240} INFO - Task exited with return code 1
[2026-03-19T22:20:04.162+0000] {taskinstance.py:3498} INFO - 0 downstream tasks scheduled from follow-on schedule check
[2026-03-19T22:20:04.165+0000] {local_task_job_runner.py:222} INFO - ::endgroup::
