[2026-03-19T08:14:29.738+0000] {local_task_job_runner.py:120} INFO - ::group::Pre task execution logs
[2026-03-19T08:14:29.845+0000] {taskinstance.py:2076} INFO - Dependencies all met for dep_context=non-requeueable deps ti=<TaskInstance: hackathon_pipeline_datalake.detect_new_file_in_raw scheduled__2026-03-19T08:05:00+00:00 [queued]>
[2026-03-19T08:14:29.866+0000] {taskinstance.py:2076} INFO - Dependencies all met for dep_context=requeueable deps ti=<TaskInstance: hackathon_pipeline_datalake.detect_new_file_in_raw scheduled__2026-03-19T08:05:00+00:00 [queued]>
[2026-03-19T08:14:29.868+0000] {taskinstance.py:2306} INFO - Starting attempt 1 of 3
[2026-03-19T08:14:29.898+0000] {taskinstance.py:2330} INFO - Executing <Task(PythonOperator): detect_new_file_in_raw> on 2026-03-19 08:05:00+00:00
[2026-03-19T08:14:29.927+0000] {logging_mixin.py:188} WARNING - /home/***/.local/lib/python3.12/site-packages/***/task/task_runner/standard_task_runner.py:61 DeprecationWarning: This process (pid=279) is multi-threaded, use of fork() may lead to deadlocks in the child.
[2026-03-19T08:14:29.925+0000] {standard_task_runner.py:90} INFO - Running: ['***', 'tasks', 'run', 'hackathon_pipeline_datalake', 'detect_new_file_in_raw', 'scheduled__2026-03-19T08:05:00+00:00', '--job-id', '5', '--raw', '--subdir', 'DAGS_FOLDER/pipeline_dag.py', '--cfg-path', '/tmp/tmpur1vzakj']
[2026-03-19T08:14:29.928+0000] {standard_task_runner.py:63} INFO - Started process 280 to run task
[2026-03-19T08:14:29.929+0000] {standard_task_runner.py:91} INFO - Job 5: Subtask detect_new_file_in_raw
[2026-03-19T08:14:30.139+0000] {task_command.py:426} INFO - Running <TaskInstance: hackathon_pipeline_datalake.detect_new_file_in_raw scheduled__2026-03-19T08:05:00+00:00 [running]> on host ecb3bba3bee7
[2026-03-19T08:14:30.296+0000] {taskinstance.py:2648} INFO - Exporting env vars: AIRFLOW_CTX_DAG_OWNER='data-team' AIRFLOW_CTX_DAG_ID='hackathon_pipeline_datalake' AIRFLOW_CTX_TASK_ID='detect_new_file_in_raw' AIRFLOW_CTX_EXECUTION_DATE='2026-03-19T08:05:00+00:00' AIRFLOW_CTX_TRY_NUMBER='1' AIRFLOW_CTX_DAG_RUN_ID='scheduled__2026-03-19T08:05:00+00:00'
[2026-03-19T08:14:30.301+0000] {taskinstance.py:430} INFO - ::endgroup::
[2026-03-19T08:14:30.617+0000] {taskinstance.py:441} INFO - ::group::Post task execution logs
[2026-03-19T08:14:30.620+0000] {taskinstance.py:2905} ERROR - Task failed with exception
Traceback (most recent call last):
  File "/home/airflow/.local/lib/python3.12/site-packages/airflow/models/taskinstance.py", line 465, in _execute_task
    result = _execute_callable(context=context, **execute_callable_kwargs)
             ^^^^^^^^^^^^^^^^^^^^^^^^^^^^^^^^^^^^^^^^^^^^^^^^^^^^^^^^^^^^^
  File "/home/airflow/.local/lib/python3.12/site-packages/airflow/models/taskinstance.py", line 432, in _execute_callable
    return execute_callable(context=context, **execute_callable_kwargs)
           ^^^^^^^^^^^^^^^^^^^^^^^^^^^^^^^^^^^^^^^^^^^^^^^^^^^^^^^^^^^^
  File "/home/airflow/.local/lib/python3.12/site-packages/airflow/models/baseoperator.py", line 400, in wrapper
    return func(self, *args, **kwargs)
           ^^^^^^^^^^^^^^^^^^^^^^^^^^^
  File "/home/airflow/.local/lib/python3.12/site-packages/airflow/operators/python.py", line 235, in execute
    return_value = self.execute_callable()
                   ^^^^^^^^^^^^^^^^^^^^^^^
  File "/home/airflow/.local/lib/python3.12/site-packages/airflow/operators/python.py", line 252, in execute_callable
    return self.python_callable(*self.op_args, **self.op_kwargs)
           ^^^^^^^^^^^^^^^^^^^^^^^^^^^^^^^^^^^^^^^^^^^^^^^^^^^^^
  File "/opt/airflow/dags/pipeline_dag.py", line 130, in detect_new_file_in_raw
    raise ValueError(
ValueError: Aucun nouveau fichier dans MinIO bucket 'raw'. Uploadez un PDF avec : python Datalake/upload_raw.py <fichier.pdf>
[2026-03-19T08:14:30.647+0000] {taskinstance.py:1206} INFO - Marking task as UP_FOR_RETRY. dag_id=hackathon_pipeline_datalake, task_id=detect_new_file_in_raw, run_id=scheduled__2026-03-19T08:05:00+00:00, execution_date=20260319T080500, start_date=20260319T081429, end_date=20260319T081430
[2026-03-19T08:14:30.669+0000] {standard_task_runner.py:110} ERROR - Failed to execute job 5 for task detect_new_file_in_raw (Aucun nouveau fichier dans MinIO bucket 'raw'. Uploadez un PDF avec : python Datalake/upload_raw.py <fichier.pdf>; 280)
[2026-03-19T08:14:30.708+0000] {local_task_job_runner.py:240} INFO - Task exited with return code 1
[2026-03-19T08:14:30.745+0000] {taskinstance.py:3498} INFO - 0 downstream tasks scheduled from follow-on schedule check
[2026-03-19T08:14:30.752+0000] {local_task_job_runner.py:222} INFO - ::endgroup::
