[2026-03-19T08:08:09.968+0000] {processor.py:161} INFO - Started process (PID=207) to work on /opt/airflow/dags/pipeline_dag.py
[2026-03-19T08:08:09.973+0000] {processor.py:830} INFO - Processing file /opt/airflow/dags/pipeline_dag.py for tasks to queue
[2026-03-19T08:08:09.989+0000] {logging_mixin.py:188} INFO - [2026-03-19T08:08:09.986+0000] {dagbag.py:545} INFO - Filling up the DagBag from /opt/airflow/dags/pipeline_dag.py
[2026-03-19T08:08:10.181+0000] {processor.py:840} INFO - DAG(s) 'hackathon_pipeline_datalake' retrieved from /opt/airflow/dags/pipeline_dag.py
[2026-03-19T08:08:11.840+0000] {logging_mixin.py:188} INFO - [2026-03-19T08:08:11.839+0000] {dag.py:3096} INFO - Sync 1 DAGs
[2026-03-19T08:08:12.053+0000] {processor.py:183} INFO - Processing /opt/airflow/dags/pipeline_dag.py took 2.135 seconds
[2026-03-19T08:08:42.708+0000] {processor.py:161} INFO - Started process (PID=215) to work on /opt/airflow/dags/pipeline_dag.py
[2026-03-19T08:08:42.711+0000] {processor.py:830} INFO - Processing file /opt/airflow/dags/pipeline_dag.py for tasks to queue
[2026-03-19T08:08:42.716+0000] {logging_mixin.py:188} INFO - [2026-03-19T08:08:42.715+0000] {dagbag.py:545} INFO - Filling up the DagBag from /opt/airflow/dags/pipeline_dag.py
[2026-03-19T08:08:42.867+0000] {processor.py:840} INFO - DAG(s) 'hackathon_pipeline_datalake' retrieved from /opt/airflow/dags/pipeline_dag.py
[2026-03-19T08:08:43.031+0000] {logging_mixin.py:188} INFO - [2026-03-19T08:08:43.031+0000] {dag.py:3096} INFO - Sync 1 DAGs
[2026-03-19T08:08:43.231+0000] {processor.py:183} INFO - Processing /opt/airflow/dags/pipeline_dag.py took 0.552 seconds
[2026-03-19T08:09:13.616+0000] {processor.py:161} INFO - Started process (PID=220) to work on /opt/airflow/dags/pipeline_dag.py
[2026-03-19T08:09:13.622+0000] {processor.py:830} INFO - Processing file /opt/airflow/dags/pipeline_dag.py for tasks to queue
[2026-03-19T08:09:13.632+0000] {logging_mixin.py:188} INFO - [2026-03-19T08:09:13.630+0000] {dagbag.py:545} INFO - Filling up the DagBag from /opt/airflow/dags/pipeline_dag.py
[2026-03-19T08:09:13.727+0000] {processor.py:840} INFO - DAG(s) 'hackathon_pipeline_datalake' retrieved from /opt/airflow/dags/pipeline_dag.py
[2026-03-19T08:09:13.833+0000] {logging_mixin.py:188} INFO - [2026-03-19T08:09:13.833+0000] {dag.py:3096} INFO - Sync 1 DAGs
[2026-03-19T08:09:13.943+0000] {processor.py:183} INFO - Processing /opt/airflow/dags/pipeline_dag.py took 0.344 seconds
[2026-03-19T08:09:44.230+0000] {processor.py:161} INFO - Started process (PID=225) to work on /opt/airflow/dags/pipeline_dag.py
[2026-03-19T08:09:44.233+0000] {processor.py:830} INFO - Processing file /opt/airflow/dags/pipeline_dag.py for tasks to queue
[2026-03-19T08:09:44.239+0000] {logging_mixin.py:188} INFO - [2026-03-19T08:09:44.238+0000] {dagbag.py:545} INFO - Filling up the DagBag from /opt/airflow/dags/pipeline_dag.py
[2026-03-19T08:09:44.289+0000] {processor.py:840} INFO - DAG(s) 'hackathon_pipeline_datalake' retrieved from /opt/airflow/dags/pipeline_dag.py
[2026-03-19T08:09:44.383+0000] {logging_mixin.py:188} INFO - [2026-03-19T08:09:44.382+0000] {dag.py:3096} INFO - Sync 1 DAGs
[2026-03-19T08:09:44.525+0000] {processor.py:183} INFO - Processing /opt/airflow/dags/pipeline_dag.py took 0.310 seconds
[2026-03-19T08:10:14.874+0000] {processor.py:161} INFO - Started process (PID=230) to work on /opt/airflow/dags/pipeline_dag.py
[2026-03-19T08:10:14.876+0000] {processor.py:830} INFO - Processing file /opt/airflow/dags/pipeline_dag.py for tasks to queue
[2026-03-19T08:10:14.882+0000] {logging_mixin.py:188} INFO - [2026-03-19T08:10:14.881+0000] {dagbag.py:545} INFO - Filling up the DagBag from /opt/airflow/dags/pipeline_dag.py
[2026-03-19T08:10:14.935+0000] {processor.py:840} INFO - DAG(s) 'hackathon_pipeline_datalake' retrieved from /opt/airflow/dags/pipeline_dag.py
[2026-03-19T08:10:15.147+0000] {logging_mixin.py:188} INFO - [2026-03-19T08:10:15.146+0000] {dag.py:3096} INFO - Sync 1 DAGs
[2026-03-19T08:10:15.308+0000] {processor.py:183} INFO - Processing /opt/airflow/dags/pipeline_dag.py took 0.465 seconds
[2026-03-19T08:10:45.789+0000] {processor.py:161} INFO - Started process (PID=235) to work on /opt/airflow/dags/pipeline_dag.py
[2026-03-19T08:10:45.791+0000] {processor.py:830} INFO - Processing file /opt/airflow/dags/pipeline_dag.py for tasks to queue
[2026-03-19T08:10:45.794+0000] {logging_mixin.py:188} INFO - [2026-03-19T08:10:45.794+0000] {dagbag.py:545} INFO - Filling up the DagBag from /opt/airflow/dags/pipeline_dag.py
[2026-03-19T08:10:45.843+0000] {processor.py:840} INFO - DAG(s) 'hackathon_pipeline_datalake' retrieved from /opt/airflow/dags/pipeline_dag.py
[2026-03-19T08:10:45.966+0000] {logging_mixin.py:188} INFO - [2026-03-19T08:10:45.966+0000] {dag.py:3096} INFO - Sync 1 DAGs
[2026-03-19T08:10:46.097+0000] {processor.py:183} INFO - Processing /opt/airflow/dags/pipeline_dag.py took 0.316 seconds
[2026-03-19T08:11:16.344+0000] {processor.py:161} INFO - Started process (PID=241) to work on /opt/airflow/dags/pipeline_dag.py
[2026-03-19T08:11:16.346+0000] {processor.py:830} INFO - Processing file /opt/airflow/dags/pipeline_dag.py for tasks to queue
[2026-03-19T08:11:16.349+0000] {logging_mixin.py:188} INFO - [2026-03-19T08:11:16.348+0000] {dagbag.py:545} INFO - Filling up the DagBag from /opt/airflow/dags/pipeline_dag.py
[2026-03-19T08:11:16.420+0000] {processor.py:840} INFO - DAG(s) 'hackathon_pipeline_datalake' retrieved from /opt/airflow/dags/pipeline_dag.py
[2026-03-19T08:11:16.514+0000] {logging_mixin.py:188} INFO - [2026-03-19T08:11:16.513+0000] {dag.py:3096} INFO - Sync 1 DAGs
[2026-03-19T08:11:16.592+0000] {processor.py:183} INFO - Processing /opt/airflow/dags/pipeline_dag.py took 0.258 seconds
[2026-03-19T08:11:46.882+0000] {processor.py:161} INFO - Started process (PID=247) to work on /opt/airflow/dags/pipeline_dag.py
[2026-03-19T08:11:46.884+0000] {processor.py:830} INFO - Processing file /opt/airflow/dags/pipeline_dag.py for tasks to queue
[2026-03-19T08:11:46.888+0000] {logging_mixin.py:188} INFO - [2026-03-19T08:11:46.888+0000] {dagbag.py:545} INFO - Filling up the DagBag from /opt/airflow/dags/pipeline_dag.py
[2026-03-19T08:11:46.918+0000] {processor.py:840} INFO - DAG(s) 'hackathon_pipeline_datalake' retrieved from /opt/airflow/dags/pipeline_dag.py
[2026-03-19T08:11:46.972+0000] {logging_mixin.py:188} INFO - [2026-03-19T08:11:46.971+0000] {dag.py:3096} INFO - Sync 1 DAGs
[2026-03-19T08:11:47.034+0000] {processor.py:183} INFO - Processing /opt/airflow/dags/pipeline_dag.py took 0.159 seconds
[2026-03-19T08:12:17.141+0000] {processor.py:161} INFO - Started process (PID=252) to work on /opt/airflow/dags/pipeline_dag.py
[2026-03-19T08:12:17.142+0000] {processor.py:830} INFO - Processing file /opt/airflow/dags/pipeline_dag.py for tasks to queue
[2026-03-19T08:12:17.145+0000] {logging_mixin.py:188} INFO - [2026-03-19T08:12:17.144+0000] {dagbag.py:545} INFO - Filling up the DagBag from /opt/airflow/dags/pipeline_dag.py
[2026-03-19T08:12:17.190+0000] {processor.py:840} INFO - DAG(s) 'hackathon_pipeline_datalake' retrieved from /opt/airflow/dags/pipeline_dag.py
[2026-03-19T08:12:17.231+0000] {logging_mixin.py:188} INFO - [2026-03-19T08:12:17.231+0000] {dag.py:3096} INFO - Sync 1 DAGs
[2026-03-19T08:12:17.295+0000] {processor.py:183} INFO - Processing /opt/airflow/dags/pipeline_dag.py took 0.161 seconds
[2026-03-19T08:12:47.505+0000] {processor.py:161} INFO - Started process (PID=257) to work on /opt/airflow/dags/pipeline_dag.py
[2026-03-19T08:12:47.507+0000] {processor.py:830} INFO - Processing file /opt/airflow/dags/pipeline_dag.py for tasks to queue
[2026-03-19T08:12:47.509+0000] {logging_mixin.py:188} INFO - [2026-03-19T08:12:47.509+0000] {dagbag.py:545} INFO - Filling up the DagBag from /opt/airflow/dags/pipeline_dag.py
[2026-03-19T08:12:47.538+0000] {processor.py:840} INFO - DAG(s) 'hackathon_pipeline_datalake' retrieved from /opt/airflow/dags/pipeline_dag.py
[2026-03-19T08:12:47.580+0000] {logging_mixin.py:188} INFO - [2026-03-19T08:12:47.579+0000] {dag.py:3096} INFO - Sync 1 DAGs
[2026-03-19T08:12:47.644+0000] {processor.py:183} INFO - Processing /opt/airflow/dags/pipeline_dag.py took 0.145 seconds
[2026-03-19T08:13:17.850+0000] {processor.py:161} INFO - Started process (PID=262) to work on /opt/airflow/dags/pipeline_dag.py
[2026-03-19T08:13:17.851+0000] {processor.py:830} INFO - Processing file /opt/airflow/dags/pipeline_dag.py for tasks to queue
[2026-03-19T08:13:17.857+0000] {logging_mixin.py:188} INFO - [2026-03-19T08:13:17.856+0000] {dagbag.py:545} INFO - Filling up the DagBag from /opt/airflow/dags/pipeline_dag.py
[2026-03-19T08:13:17.894+0000] {processor.py:840} INFO - DAG(s) 'hackathon_pipeline_datalake' retrieved from /opt/airflow/dags/pipeline_dag.py
[2026-03-19T08:13:17.959+0000] {logging_mixin.py:188} INFO - [2026-03-19T08:13:17.958+0000] {dag.py:3096} INFO - Sync 1 DAGs
[2026-03-19T08:13:18.042+0000] {processor.py:183} INFO - Processing /opt/airflow/dags/pipeline_dag.py took 0.200 seconds
[2026-03-19T08:13:48.126+0000] {processor.py:161} INFO - Started process (PID=267) to work on /opt/airflow/dags/pipeline_dag.py
[2026-03-19T08:13:48.131+0000] {processor.py:830} INFO - Processing file /opt/airflow/dags/pipeline_dag.py for tasks to queue
[2026-03-19T08:13:48.134+0000] {logging_mixin.py:188} INFO - [2026-03-19T08:13:48.134+0000] {dagbag.py:545} INFO - Filling up the DagBag from /opt/airflow/dags/pipeline_dag.py
[2026-03-19T08:13:48.185+0000] {processor.py:840} INFO - DAG(s) 'hackathon_pipeline_datalake' retrieved from /opt/airflow/dags/pipeline_dag.py
[2026-03-19T08:13:48.277+0000] {logging_mixin.py:188} INFO - [2026-03-19T08:13:48.277+0000] {dag.py:3096} INFO - Sync 1 DAGs
[2026-03-19T08:13:48.386+0000] {processor.py:183} INFO - Processing /opt/airflow/dags/pipeline_dag.py took 0.269 seconds
[2026-03-19T08:14:18.548+0000] {processor.py:161} INFO - Started process (PID=272) to work on /opt/airflow/dags/pipeline_dag.py
[2026-03-19T08:14:18.549+0000] {processor.py:830} INFO - Processing file /opt/airflow/dags/pipeline_dag.py for tasks to queue
[2026-03-19T08:14:18.552+0000] {logging_mixin.py:188} INFO - [2026-03-19T08:14:18.552+0000] {dagbag.py:545} INFO - Filling up the DagBag from /opt/airflow/dags/pipeline_dag.py
[2026-03-19T08:14:18.592+0000] {processor.py:840} INFO - DAG(s) 'hackathon_pipeline_datalake' retrieved from /opt/airflow/dags/pipeline_dag.py
[2026-03-19T08:14:18.644+0000] {logging_mixin.py:188} INFO - [2026-03-19T08:14:18.644+0000] {dag.py:3096} INFO - Sync 1 DAGs
[2026-03-19T08:14:18.712+0000] {processor.py:183} INFO - Processing /opt/airflow/dags/pipeline_dag.py took 0.171 seconds
[2026-03-19T08:14:48.859+0000] {processor.py:161} INFO - Started process (PID=281) to work on /opt/airflow/dags/pipeline_dag.py
[2026-03-19T08:14:48.860+0000] {processor.py:830} INFO - Processing file /opt/airflow/dags/pipeline_dag.py for tasks to queue
[2026-03-19T08:14:48.863+0000] {logging_mixin.py:188} INFO - [2026-03-19T08:14:48.863+0000] {dagbag.py:545} INFO - Filling up the DagBag from /opt/airflow/dags/pipeline_dag.py
[2026-03-19T08:14:48.895+0000] {processor.py:840} INFO - DAG(s) 'hackathon_pipeline_datalake' retrieved from /opt/airflow/dags/pipeline_dag.py
[2026-03-19T08:14:48.932+0000] {logging_mixin.py:188} INFO - [2026-03-19T08:14:48.932+0000] {dag.py:3096} INFO - Sync 1 DAGs
[2026-03-19T08:14:48.995+0000] {processor.py:183} INFO - Processing /opt/airflow/dags/pipeline_dag.py took 0.144 seconds
[2026-03-19T08:15:19.229+0000] {processor.py:161} INFO - Started process (PID=286) to work on /opt/airflow/dags/pipeline_dag.py
[2026-03-19T08:15:19.231+0000] {processor.py:830} INFO - Processing file /opt/airflow/dags/pipeline_dag.py for tasks to queue
[2026-03-19T08:15:19.233+0000] {logging_mixin.py:188} INFO - [2026-03-19T08:15:19.233+0000] {dagbag.py:545} INFO - Filling up the DagBag from /opt/airflow/dags/pipeline_dag.py
[2026-03-19T08:15:19.269+0000] {processor.py:840} INFO - DAG(s) 'hackathon_pipeline_datalake' retrieved from /opt/airflow/dags/pipeline_dag.py
[2026-03-19T08:15:19.312+0000] {logging_mixin.py:188} INFO - [2026-03-19T08:15:19.312+0000] {dag.py:3096} INFO - Sync 1 DAGs
[2026-03-19T08:15:19.367+0000] {processor.py:183} INFO - Processing /opt/airflow/dags/pipeline_dag.py took 0.144 seconds
[2026-03-19T08:15:49.471+0000] {processor.py:161} INFO - Started process (PID=291) to work on /opt/airflow/dags/pipeline_dag.py
[2026-03-19T08:15:49.474+0000] {processor.py:830} INFO - Processing file /opt/airflow/dags/pipeline_dag.py for tasks to queue
[2026-03-19T08:15:49.479+0000] {logging_mixin.py:188} INFO - [2026-03-19T08:15:49.478+0000] {dagbag.py:545} INFO - Filling up the DagBag from /opt/airflow/dags/pipeline_dag.py
[2026-03-19T08:15:49.539+0000] {processor.py:840} INFO - DAG(s) 'hackathon_pipeline_datalake' retrieved from /opt/airflow/dags/pipeline_dag.py
[2026-03-19T08:15:49.613+0000] {logging_mixin.py:188} INFO - [2026-03-19T08:15:49.613+0000] {dag.py:3096} INFO - Sync 1 DAGs
[2026-03-19T08:15:49.724+0000] {processor.py:183} INFO - Processing /opt/airflow/dags/pipeline_dag.py took 0.264 seconds
[2026-03-19T08:16:19.831+0000] {processor.py:161} INFO - Started process (PID=296) to work on /opt/airflow/dags/pipeline_dag.py
[2026-03-19T08:16:19.833+0000] {processor.py:830} INFO - Processing file /opt/airflow/dags/pipeline_dag.py for tasks to queue
[2026-03-19T08:16:19.836+0000] {logging_mixin.py:188} INFO - [2026-03-19T08:16:19.836+0000] {dagbag.py:545} INFO - Filling up the DagBag from /opt/airflow/dags/pipeline_dag.py
[2026-03-19T08:16:19.877+0000] {processor.py:840} INFO - DAG(s) 'hackathon_pipeline_datalake' retrieved from /opt/airflow/dags/pipeline_dag.py
[2026-03-19T08:16:19.934+0000] {logging_mixin.py:188} INFO - [2026-03-19T08:16:19.933+0000] {dag.py:3096} INFO - Sync 1 DAGs
[2026-03-19T08:16:20.006+0000] {processor.py:183} INFO - Processing /opt/airflow/dags/pipeline_dag.py took 0.183 seconds
[2026-03-19T08:16:50.268+0000] {processor.py:161} INFO - Started process (PID=301) to work on /opt/airflow/dags/pipeline_dag.py
[2026-03-19T08:16:50.272+0000] {processor.py:830} INFO - Processing file /opt/airflow/dags/pipeline_dag.py for tasks to queue
[2026-03-19T08:16:50.279+0000] {logging_mixin.py:188} INFO - [2026-03-19T08:16:50.278+0000] {dagbag.py:545} INFO - Filling up the DagBag from /opt/airflow/dags/pipeline_dag.py
[2026-03-19T08:16:50.338+0000] {processor.py:840} INFO - DAG(s) 'hackathon_pipeline_datalake' retrieved from /opt/airflow/dags/pipeline_dag.py
[2026-03-19T08:16:50.386+0000] {logging_mixin.py:188} INFO - [2026-03-19T08:16:50.386+0000] {dag.py:3096} INFO - Sync 1 DAGs
[2026-03-19T08:16:50.450+0000] {processor.py:183} INFO - Processing /opt/airflow/dags/pipeline_dag.py took 0.199 seconds
[2026-03-19T08:17:20.516+0000] {processor.py:161} INFO - Started process (PID=306) to work on /opt/airflow/dags/pipeline_dag.py
[2026-03-19T08:17:20.518+0000] {processor.py:830} INFO - Processing file /opt/airflow/dags/pipeline_dag.py for tasks to queue
[2026-03-19T08:17:20.521+0000] {logging_mixin.py:188} INFO - [2026-03-19T08:17:20.520+0000] {dagbag.py:545} INFO - Filling up the DagBag from /opt/airflow/dags/pipeline_dag.py
[2026-03-19T08:17:20.547+0000] {processor.py:840} INFO - DAG(s) 'hackathon_pipeline_datalake' retrieved from /opt/airflow/dags/pipeline_dag.py
[2026-03-19T08:17:20.585+0000] {logging_mixin.py:188} INFO - [2026-03-19T08:17:20.585+0000] {dag.py:3096} INFO - Sync 1 DAGs
[2026-03-19T08:17:20.651+0000] {processor.py:183} INFO - Processing /opt/airflow/dags/pipeline_dag.py took 0.143 seconds
[2026-03-19T08:17:50.956+0000] {processor.py:161} INFO - Started process (PID=313) to work on /opt/airflow/dags/pipeline_dag.py
[2026-03-19T08:17:50.958+0000] {processor.py:830} INFO - Processing file /opt/airflow/dags/pipeline_dag.py for tasks to queue
[2026-03-19T08:17:50.961+0000] {logging_mixin.py:188} INFO - [2026-03-19T08:17:50.961+0000] {dagbag.py:545} INFO - Filling up the DagBag from /opt/airflow/dags/pipeline_dag.py
[2026-03-19T08:17:51.000+0000] {processor.py:840} INFO - DAG(s) 'hackathon_pipeline_datalake' retrieved from /opt/airflow/dags/pipeline_dag.py
[2026-03-19T08:17:51.052+0000] {logging_mixin.py:188} INFO - [2026-03-19T08:17:51.052+0000] {dag.py:3096} INFO - Sync 1 DAGs
[2026-03-19T08:17:51.146+0000] {processor.py:183} INFO - Processing /opt/airflow/dags/pipeline_dag.py took 0.199 seconds
[2026-03-19T08:18:21.222+0000] {processor.py:161} INFO - Started process (PID=318) to work on /opt/airflow/dags/pipeline_dag.py
[2026-03-19T08:18:21.223+0000] {processor.py:830} INFO - Processing file /opt/airflow/dags/pipeline_dag.py for tasks to queue
[2026-03-19T08:18:21.225+0000] {logging_mixin.py:188} INFO - [2026-03-19T08:18:21.225+0000] {dagbag.py:545} INFO - Filling up the DagBag from /opt/airflow/dags/pipeline_dag.py
[2026-03-19T08:18:21.255+0000] {processor.py:840} INFO - DAG(s) 'hackathon_pipeline_datalake' retrieved from /opt/airflow/dags/pipeline_dag.py
[2026-03-19T08:18:21.291+0000] {logging_mixin.py:188} INFO - [2026-03-19T08:18:21.291+0000] {dag.py:3096} INFO - Sync 1 DAGs
[2026-03-19T08:18:21.342+0000] {processor.py:183} INFO - Processing /opt/airflow/dags/pipeline_dag.py took 0.126 seconds
[2026-03-19T08:18:51.460+0000] {processor.py:161} INFO - Started process (PID=323) to work on /opt/airflow/dags/pipeline_dag.py
[2026-03-19T08:18:51.462+0000] {processor.py:830} INFO - Processing file /opt/airflow/dags/pipeline_dag.py for tasks to queue
[2026-03-19T08:18:51.464+0000] {logging_mixin.py:188} INFO - [2026-03-19T08:18:51.464+0000] {dagbag.py:545} INFO - Filling up the DagBag from /opt/airflow/dags/pipeline_dag.py
[2026-03-19T08:18:51.496+0000] {processor.py:840} INFO - DAG(s) 'hackathon_pipeline_datalake' retrieved from /opt/airflow/dags/pipeline_dag.py
[2026-03-19T08:18:51.530+0000] {logging_mixin.py:188} INFO - [2026-03-19T08:18:51.529+0000] {dag.py:3096} INFO - Sync 1 DAGs
[2026-03-19T08:18:51.581+0000] {processor.py:183} INFO - Processing /opt/airflow/dags/pipeline_dag.py took 0.126 seconds
[2026-03-19T08:19:21.823+0000] {processor.py:161} INFO - Started process (PID=328) to work on /opt/airflow/dags/pipeline_dag.py
[2026-03-19T08:19:21.825+0000] {processor.py:830} INFO - Processing file /opt/airflow/dags/pipeline_dag.py for tasks to queue
[2026-03-19T08:19:21.827+0000] {logging_mixin.py:188} INFO - [2026-03-19T08:19:21.827+0000] {dagbag.py:545} INFO - Filling up the DagBag from /opt/airflow/dags/pipeline_dag.py
[2026-03-19T08:19:21.862+0000] {processor.py:840} INFO - DAG(s) 'hackathon_pipeline_datalake' retrieved from /opt/airflow/dags/pipeline_dag.py
[2026-03-19T08:19:21.903+0000] {logging_mixin.py:188} INFO - [2026-03-19T08:19:21.903+0000] {dag.py:3096} INFO - Sync 1 DAGs
[2026-03-19T08:19:21.969+0000] {processor.py:183} INFO - Processing /opt/airflow/dags/pipeline_dag.py took 0.151 seconds
[2026-03-19T08:19:52.102+0000] {processor.py:161} INFO - Started process (PID=333) to work on /opt/airflow/dags/pipeline_dag.py
[2026-03-19T08:19:52.105+0000] {processor.py:830} INFO - Processing file /opt/airflow/dags/pipeline_dag.py for tasks to queue
[2026-03-19T08:19:52.108+0000] {logging_mixin.py:188} INFO - [2026-03-19T08:19:52.107+0000] {dagbag.py:545} INFO - Filling up the DagBag from /opt/airflow/dags/pipeline_dag.py
[2026-03-19T08:19:52.156+0000] {processor.py:840} INFO - DAG(s) 'hackathon_pipeline_datalake' retrieved from /opt/airflow/dags/pipeline_dag.py
[2026-03-19T08:19:52.200+0000] {logging_mixin.py:188} INFO - [2026-03-19T08:19:52.200+0000] {dag.py:3096} INFO - Sync 1 DAGs
[2026-03-19T08:19:52.269+0000] {processor.py:183} INFO - Processing /opt/airflow/dags/pipeline_dag.py took 0.176 seconds
[2026-03-19T08:20:22.477+0000] {processor.py:161} INFO - Started process (PID=338) to work on /opt/airflow/dags/pipeline_dag.py
[2026-03-19T08:20:22.480+0000] {processor.py:830} INFO - Processing file /opt/airflow/dags/pipeline_dag.py for tasks to queue
[2026-03-19T08:20:22.484+0000] {logging_mixin.py:188} INFO - [2026-03-19T08:20:22.483+0000] {dagbag.py:545} INFO - Filling up the DagBag from /opt/airflow/dags/pipeline_dag.py
[2026-03-19T08:20:22.535+0000] {processor.py:840} INFO - DAG(s) 'hackathon_pipeline_datalake' retrieved from /opt/airflow/dags/pipeline_dag.py
[2026-03-19T08:20:22.672+0000] {logging_mixin.py:188} INFO - [2026-03-19T08:20:22.671+0000] {dag.py:3096} INFO - Sync 1 DAGs
[2026-03-19T08:20:22.796+0000] {processor.py:183} INFO - Processing /opt/airflow/dags/pipeline_dag.py took 0.337 seconds
[2026-03-19T08:20:53.233+0000] {processor.py:161} INFO - Started process (PID=347) to work on /opt/airflow/dags/pipeline_dag.py
[2026-03-19T08:20:53.235+0000] {processor.py:830} INFO - Processing file /opt/airflow/dags/pipeline_dag.py for tasks to queue
[2026-03-19T08:20:53.238+0000] {logging_mixin.py:188} INFO - [2026-03-19T08:20:53.237+0000] {dagbag.py:545} INFO - Filling up the DagBag from /opt/airflow/dags/pipeline_dag.py
[2026-03-19T08:20:53.297+0000] {processor.py:840} INFO - DAG(s) 'hackathon_pipeline_datalake' retrieved from /opt/airflow/dags/pipeline_dag.py
[2026-03-19T08:20:53.392+0000] {logging_mixin.py:188} INFO - [2026-03-19T08:20:53.390+0000] {dag.py:3096} INFO - Sync 1 DAGs
[2026-03-19T08:20:53.515+0000] {processor.py:183} INFO - Processing /opt/airflow/dags/pipeline_dag.py took 0.295 seconds
[2026-03-19T08:21:23.852+0000] {processor.py:161} INFO - Started process (PID=352) to work on /opt/airflow/dags/pipeline_dag.py
[2026-03-19T08:21:23.854+0000] {processor.py:830} INFO - Processing file /opt/airflow/dags/pipeline_dag.py for tasks to queue
[2026-03-19T08:21:23.858+0000] {logging_mixin.py:188} INFO - [2026-03-19T08:21:23.858+0000] {dagbag.py:545} INFO - Filling up the DagBag from /opt/airflow/dags/pipeline_dag.py
[2026-03-19T08:21:23.891+0000] {processor.py:840} INFO - DAG(s) 'hackathon_pipeline_datalake' retrieved from /opt/airflow/dags/pipeline_dag.py
[2026-03-19T08:21:23.934+0000] {logging_mixin.py:188} INFO - [2026-03-19T08:21:23.933+0000] {dag.py:3096} INFO - Sync 1 DAGs
[2026-03-19T08:21:24.000+0000] {processor.py:183} INFO - Processing /opt/airflow/dags/pipeline_dag.py took 0.153 seconds
[2026-03-19T08:21:54.085+0000] {processor.py:161} INFO - Started process (PID=357) to work on /opt/airflow/dags/pipeline_dag.py
[2026-03-19T08:21:54.087+0000] {processor.py:830} INFO - Processing file /opt/airflow/dags/pipeline_dag.py for tasks to queue
[2026-03-19T08:21:54.089+0000] {logging_mixin.py:188} INFO - [2026-03-19T08:21:54.089+0000] {dagbag.py:545} INFO - Filling up the DagBag from /opt/airflow/dags/pipeline_dag.py
[2026-03-19T08:21:54.114+0000] {processor.py:840} INFO - DAG(s) 'hackathon_pipeline_datalake' retrieved from /opt/airflow/dags/pipeline_dag.py
[2026-03-19T08:21:54.159+0000] {logging_mixin.py:188} INFO - [2026-03-19T08:21:54.159+0000] {dag.py:3096} INFO - Sync 1 DAGs
[2026-03-19T08:21:54.232+0000] {processor.py:183} INFO - Processing /opt/airflow/dags/pipeline_dag.py took 0.152 seconds
[2026-03-19T08:22:24.463+0000] {processor.py:161} INFO - Started process (PID=362) to work on /opt/airflow/dags/pipeline_dag.py
[2026-03-19T08:22:24.464+0000] {processor.py:830} INFO - Processing file /opt/airflow/dags/pipeline_dag.py for tasks to queue
[2026-03-19T08:22:24.467+0000] {logging_mixin.py:188} INFO - [2026-03-19T08:22:24.466+0000] {dagbag.py:545} INFO - Filling up the DagBag from /opt/airflow/dags/pipeline_dag.py
[2026-03-19T08:22:24.490+0000] {processor.py:840} INFO - DAG(s) 'hackathon_pipeline_datalake' retrieved from /opt/airflow/dags/pipeline_dag.py
[2026-03-19T08:22:24.532+0000] {logging_mixin.py:188} INFO - [2026-03-19T08:22:24.531+0000] {dag.py:3096} INFO - Sync 1 DAGs
[2026-03-19T08:22:24.588+0000] {processor.py:183} INFO - Processing /opt/airflow/dags/pipeline_dag.py took 0.130 seconds
[2026-03-19T08:22:54.722+0000] {processor.py:161} INFO - Started process (PID=367) to work on /opt/airflow/dags/pipeline_dag.py
[2026-03-19T08:22:54.724+0000] {processor.py:830} INFO - Processing file /opt/airflow/dags/pipeline_dag.py for tasks to queue
[2026-03-19T08:22:54.727+0000] {logging_mixin.py:188} INFO - [2026-03-19T08:22:54.726+0000] {dagbag.py:545} INFO - Filling up the DagBag from /opt/airflow/dags/pipeline_dag.py
[2026-03-19T08:22:54.768+0000] {processor.py:840} INFO - DAG(s) 'hackathon_pipeline_datalake' retrieved from /opt/airflow/dags/pipeline_dag.py
[2026-03-19T08:22:54.813+0000] {logging_mixin.py:188} INFO - [2026-03-19T08:22:54.813+0000] {dag.py:3096} INFO - Sync 1 DAGs
[2026-03-19T08:22:54.868+0000] {processor.py:183} INFO - Processing /opt/airflow/dags/pipeline_dag.py took 0.153 seconds
[2026-03-19T08:23:25.114+0000] {processor.py:161} INFO - Started process (PID=372) to work on /opt/airflow/dags/pipeline_dag.py
[2026-03-19T08:23:25.115+0000] {processor.py:830} INFO - Processing file /opt/airflow/dags/pipeline_dag.py for tasks to queue
[2026-03-19T08:23:25.117+0000] {logging_mixin.py:188} INFO - [2026-03-19T08:23:25.117+0000] {dagbag.py:545} INFO - Filling up the DagBag from /opt/airflow/dags/pipeline_dag.py
[2026-03-19T08:23:25.142+0000] {processor.py:840} INFO - DAG(s) 'hackathon_pipeline_datalake' retrieved from /opt/airflow/dags/pipeline_dag.py
[2026-03-19T08:23:25.179+0000] {logging_mixin.py:188} INFO - [2026-03-19T08:23:25.178+0000] {dag.py:3096} INFO - Sync 1 DAGs
[2026-03-19T08:23:25.238+0000] {processor.py:183} INFO - Processing /opt/airflow/dags/pipeline_dag.py took 0.130 seconds
[2026-03-19T08:23:55.350+0000] {processor.py:161} INFO - Started process (PID=379) to work on /opt/airflow/dags/pipeline_dag.py
[2026-03-19T08:23:55.351+0000] {processor.py:830} INFO - Processing file /opt/airflow/dags/pipeline_dag.py for tasks to queue
[2026-03-19T08:23:55.354+0000] {logging_mixin.py:188} INFO - [2026-03-19T08:23:55.353+0000] {dagbag.py:545} INFO - Filling up the DagBag from /opt/airflow/dags/pipeline_dag.py
[2026-03-19T08:23:55.377+0000] {processor.py:840} INFO - DAG(s) 'hackathon_pipeline_datalake' retrieved from /opt/airflow/dags/pipeline_dag.py
[2026-03-19T08:23:55.417+0000] {logging_mixin.py:188} INFO - [2026-03-19T08:23:55.417+0000] {dag.py:3096} INFO - Sync 1 DAGs
[2026-03-19T08:23:55.476+0000] {processor.py:183} INFO - Processing /opt/airflow/dags/pipeline_dag.py took 0.133 seconds
[2026-03-19T08:24:25.713+0000] {processor.py:161} INFO - Started process (PID=384) to work on /opt/airflow/dags/pipeline_dag.py
[2026-03-19T08:24:25.715+0000] {processor.py:830} INFO - Processing file /opt/airflow/dags/pipeline_dag.py for tasks to queue
[2026-03-19T08:24:25.719+0000] {logging_mixin.py:188} INFO - [2026-03-19T08:24:25.719+0000] {dagbag.py:545} INFO - Filling up the DagBag from /opt/airflow/dags/pipeline_dag.py
[2026-03-19T08:24:25.764+0000] {processor.py:840} INFO - DAG(s) 'hackathon_pipeline_datalake' retrieved from /opt/airflow/dags/pipeline_dag.py
[2026-03-19T08:24:25.834+0000] {logging_mixin.py:188} INFO - [2026-03-19T08:24:25.834+0000] {dag.py:3096} INFO - Sync 1 DAGs
[2026-03-19T08:24:25.902+0000] {processor.py:183} INFO - Processing /opt/airflow/dags/pipeline_dag.py took 0.198 seconds
[2026-03-19T08:24:56.193+0000] {processor.py:161} INFO - Started process (PID=389) to work on /opt/airflow/dags/pipeline_dag.py
[2026-03-19T08:24:56.195+0000] {processor.py:830} INFO - Processing file /opt/airflow/dags/pipeline_dag.py for tasks to queue
[2026-03-19T08:24:56.199+0000] {logging_mixin.py:188} INFO - [2026-03-19T08:24:56.198+0000] {dagbag.py:545} INFO - Filling up the DagBag from /opt/airflow/dags/pipeline_dag.py
[2026-03-19T08:24:56.247+0000] {processor.py:840} INFO - DAG(s) 'hackathon_pipeline_datalake' retrieved from /opt/airflow/dags/pipeline_dag.py
[2026-03-19T08:24:56.317+0000] {logging_mixin.py:188} INFO - [2026-03-19T08:24:56.316+0000] {dag.py:3096} INFO - Sync 1 DAGs
[2026-03-19T08:24:56.415+0000] {processor.py:183} INFO - Processing /opt/airflow/dags/pipeline_dag.py took 0.235 seconds
[2026-03-19T08:25:26.664+0000] {processor.py:161} INFO - Started process (PID=394) to work on /opt/airflow/dags/pipeline_dag.py
[2026-03-19T08:25:26.666+0000] {processor.py:830} INFO - Processing file /opt/airflow/dags/pipeline_dag.py for tasks to queue
[2026-03-19T08:25:26.668+0000] {logging_mixin.py:188} INFO - [2026-03-19T08:25:26.668+0000] {dagbag.py:545} INFO - Filling up the DagBag from /opt/airflow/dags/pipeline_dag.py
[2026-03-19T08:25:26.702+0000] {processor.py:840} INFO - DAG(s) 'hackathon_pipeline_datalake' retrieved from /opt/airflow/dags/pipeline_dag.py
[2026-03-19T08:25:26.749+0000] {logging_mixin.py:188} INFO - [2026-03-19T08:25:26.749+0000] {dag.py:3096} INFO - Sync 1 DAGs
[2026-03-19T08:25:26.813+0000] {processor.py:183} INFO - Processing /opt/airflow/dags/pipeline_dag.py took 0.155 seconds
[2026-03-19T08:25:56.896+0000] {processor.py:161} INFO - Started process (PID=399) to work on /opt/airflow/dags/pipeline_dag.py
[2026-03-19T08:25:56.899+0000] {processor.py:830} INFO - Processing file /opt/airflow/dags/pipeline_dag.py for tasks to queue
[2026-03-19T08:25:56.902+0000] {logging_mixin.py:188} INFO - [2026-03-19T08:25:56.901+0000] {dagbag.py:545} INFO - Filling up the DagBag from /opt/airflow/dags/pipeline_dag.py
[2026-03-19T08:25:56.934+0000] {processor.py:840} INFO - DAG(s) 'hackathon_pipeline_datalake' retrieved from /opt/airflow/dags/pipeline_dag.py
[2026-03-19T08:25:56.982+0000] {logging_mixin.py:188} INFO - [2026-03-19T08:25:56.982+0000] {dag.py:3096} INFO - Sync 1 DAGs
[2026-03-19T08:25:57.049+0000] {processor.py:183} INFO - Processing /opt/airflow/dags/pipeline_dag.py took 0.161 seconds
[2026-03-19T08:26:27.327+0000] {processor.py:161} INFO - Started process (PID=404) to work on /opt/airflow/dags/pipeline_dag.py
[2026-03-19T08:26:27.328+0000] {processor.py:830} INFO - Processing file /opt/airflow/dags/pipeline_dag.py for tasks to queue
[2026-03-19T08:26:27.334+0000] {logging_mixin.py:188} INFO - [2026-03-19T08:26:27.333+0000] {dagbag.py:545} INFO - Filling up the DagBag from /opt/airflow/dags/pipeline_dag.py
[2026-03-19T08:26:27.370+0000] {processor.py:840} INFO - DAG(s) 'hackathon_pipeline_datalake' retrieved from /opt/airflow/dags/pipeline_dag.py
[2026-03-19T08:26:27.413+0000] {logging_mixin.py:188} INFO - [2026-03-19T08:26:27.412+0000] {dag.py:3096} INFO - Sync 1 DAGs
[2026-03-19T08:26:27.472+0000] {processor.py:183} INFO - Processing /opt/airflow/dags/pipeline_dag.py took 0.152 seconds
[2026-03-19T08:26:57.603+0000] {processor.py:161} INFO - Started process (PID=413) to work on /opt/airflow/dags/pipeline_dag.py
[2026-03-19T08:26:57.604+0000] {processor.py:830} INFO - Processing file /opt/airflow/dags/pipeline_dag.py for tasks to queue
[2026-03-19T08:26:57.608+0000] {logging_mixin.py:188} INFO - [2026-03-19T08:26:57.608+0000] {dagbag.py:545} INFO - Filling up the DagBag from /opt/airflow/dags/pipeline_dag.py
[2026-03-19T08:26:57.644+0000] {processor.py:840} INFO - DAG(s) 'hackathon_pipeline_datalake' retrieved from /opt/airflow/dags/pipeline_dag.py
[2026-03-19T08:26:57.696+0000] {logging_mixin.py:188} INFO - [2026-03-19T08:26:57.696+0000] {dag.py:3096} INFO - Sync 1 DAGs
[2026-03-19T08:26:57.761+0000] {processor.py:183} INFO - Processing /opt/airflow/dags/pipeline_dag.py took 0.166 seconds
[2026-03-19T08:27:27.937+0000] {processor.py:161} INFO - Started process (PID=418) to work on /opt/airflow/dags/pipeline_dag.py
[2026-03-19T08:27:27.940+0000] {processor.py:830} INFO - Processing file /opt/airflow/dags/pipeline_dag.py for tasks to queue
[2026-03-19T08:27:27.943+0000] {logging_mixin.py:188} INFO - [2026-03-19T08:27:27.943+0000] {dagbag.py:545} INFO - Filling up the DagBag from /opt/airflow/dags/pipeline_dag.py
[2026-03-19T08:27:27.982+0000] {processor.py:840} INFO - DAG(s) 'hackathon_pipeline_datalake' retrieved from /opt/airflow/dags/pipeline_dag.py
[2026-03-19T08:27:28.023+0000] {logging_mixin.py:188} INFO - [2026-03-19T08:27:28.023+0000] {dag.py:3096} INFO - Sync 1 DAGs
[2026-03-19T08:27:28.088+0000] {processor.py:183} INFO - Processing /opt/airflow/dags/pipeline_dag.py took 0.159 seconds
[2026-03-19T08:27:58.229+0000] {processor.py:161} INFO - Started process (PID=423) to work on /opt/airflow/dags/pipeline_dag.py
[2026-03-19T08:27:58.231+0000] {processor.py:830} INFO - Processing file /opt/airflow/dags/pipeline_dag.py for tasks to queue
[2026-03-19T08:27:58.234+0000] {logging_mixin.py:188} INFO - [2026-03-19T08:27:58.233+0000] {dagbag.py:545} INFO - Filling up the DagBag from /opt/airflow/dags/pipeline_dag.py
[2026-03-19T08:27:58.279+0000] {processor.py:840} INFO - DAG(s) 'hackathon_pipeline_datalake' retrieved from /opt/airflow/dags/pipeline_dag.py
[2026-03-19T08:27:58.326+0000] {logging_mixin.py:188} INFO - [2026-03-19T08:27:58.326+0000] {dag.py:3096} INFO - Sync 1 DAGs
[2026-03-19T08:27:58.407+0000] {processor.py:183} INFO - Processing /opt/airflow/dags/pipeline_dag.py took 0.190 seconds
[2026-03-19T08:28:28.604+0000] {processor.py:161} INFO - Started process (PID=428) to work on /opt/airflow/dags/pipeline_dag.py
[2026-03-19T08:28:28.605+0000] {processor.py:830} INFO - Processing file /opt/airflow/dags/pipeline_dag.py for tasks to queue
[2026-03-19T08:28:28.608+0000] {logging_mixin.py:188} INFO - [2026-03-19T08:28:28.607+0000] {dagbag.py:545} INFO - Filling up the DagBag from /opt/airflow/dags/pipeline_dag.py
[2026-03-19T08:28:28.639+0000] {processor.py:840} INFO - DAG(s) 'hackathon_pipeline_datalake' retrieved from /opt/airflow/dags/pipeline_dag.py
[2026-03-19T08:28:28.680+0000] {logging_mixin.py:188} INFO - [2026-03-19T08:28:28.680+0000] {dag.py:3096} INFO - Sync 1 DAGs
[2026-03-19T08:28:28.735+0000] {processor.py:183} INFO - Processing /opt/airflow/dags/pipeline_dag.py took 0.138 seconds
[2026-03-19T08:28:58.841+0000] {processor.py:161} INFO - Started process (PID=433) to work on /opt/airflow/dags/pipeline_dag.py
[2026-03-19T08:28:58.843+0000] {processor.py:830} INFO - Processing file /opt/airflow/dags/pipeline_dag.py for tasks to queue
[2026-03-19T08:28:58.846+0000] {logging_mixin.py:188} INFO - [2026-03-19T08:28:58.845+0000] {dagbag.py:545} INFO - Filling up the DagBag from /opt/airflow/dags/pipeline_dag.py
[2026-03-19T08:28:58.879+0000] {processor.py:840} INFO - DAG(s) 'hackathon_pipeline_datalake' retrieved from /opt/airflow/dags/pipeline_dag.py
[2026-03-19T08:28:58.917+0000] {logging_mixin.py:188} INFO - [2026-03-19T08:28:58.917+0000] {dag.py:3096} INFO - Sync 1 DAGs
[2026-03-19T08:28:58.973+0000] {processor.py:183} INFO - Processing /opt/airflow/dags/pipeline_dag.py took 0.139 seconds
[2026-03-19T08:29:29.157+0000] {processor.py:161} INFO - Started process (PID=438) to work on /opt/airflow/dags/pipeline_dag.py
[2026-03-19T08:29:29.159+0000] {processor.py:830} INFO - Processing file /opt/airflow/dags/pipeline_dag.py for tasks to queue
[2026-03-19T08:29:29.162+0000] {logging_mixin.py:188} INFO - [2026-03-19T08:29:29.161+0000] {dagbag.py:545} INFO - Filling up the DagBag from /opt/airflow/dags/pipeline_dag.py
[2026-03-19T08:29:29.191+0000] {processor.py:840} INFO - DAG(s) 'hackathon_pipeline_datalake' retrieved from /opt/airflow/dags/pipeline_dag.py
[2026-03-19T08:29:29.228+0000] {logging_mixin.py:188} INFO - [2026-03-19T08:29:29.228+0000] {dag.py:3096} INFO - Sync 1 DAGs
[2026-03-19T08:29:29.287+0000] {processor.py:183} INFO - Processing /opt/airflow/dags/pipeline_dag.py took 0.137 seconds
[2026-03-19T08:29:59.452+0000] {processor.py:161} INFO - Started process (PID=445) to work on /opt/airflow/dags/pipeline_dag.py
[2026-03-19T08:29:59.454+0000] {processor.py:830} INFO - Processing file /opt/airflow/dags/pipeline_dag.py for tasks to queue
[2026-03-19T08:29:59.456+0000] {logging_mixin.py:188} INFO - [2026-03-19T08:29:59.456+0000] {dagbag.py:545} INFO - Filling up the DagBag from /opt/airflow/dags/pipeline_dag.py
[2026-03-19T08:29:59.494+0000] {processor.py:840} INFO - DAG(s) 'hackathon_pipeline_datalake' retrieved from /opt/airflow/dags/pipeline_dag.py
[2026-03-19T08:29:59.534+0000] {logging_mixin.py:188} INFO - [2026-03-19T08:29:59.533+0000] {dag.py:3096} INFO - Sync 1 DAGs
[2026-03-19T08:29:59.591+0000] {processor.py:183} INFO - Processing /opt/airflow/dags/pipeline_dag.py took 0.147 seconds
[2026-03-19T08:30:29.763+0000] {processor.py:161} INFO - Started process (PID=450) to work on /opt/airflow/dags/pipeline_dag.py
[2026-03-19T08:30:29.765+0000] {processor.py:830} INFO - Processing file /opt/airflow/dags/pipeline_dag.py for tasks to queue
[2026-03-19T08:30:29.767+0000] {logging_mixin.py:188} INFO - [2026-03-19T08:30:29.767+0000] {dagbag.py:545} INFO - Filling up the DagBag from /opt/airflow/dags/pipeline_dag.py
[2026-03-19T08:30:29.803+0000] {processor.py:840} INFO - DAG(s) 'hackathon_pipeline_datalake' retrieved from /opt/airflow/dags/pipeline_dag.py
[2026-03-19T08:30:29.847+0000] {logging_mixin.py:188} INFO - [2026-03-19T08:30:29.847+0000] {dag.py:3096} INFO - Sync 1 DAGs
[2026-03-19T08:30:29.910+0000] {processor.py:183} INFO - Processing /opt/airflow/dags/pipeline_dag.py took 0.156 seconds
[2026-03-19T08:31:00.097+0000] {processor.py:161} INFO - Started process (PID=455) to work on /opt/airflow/dags/pipeline_dag.py
[2026-03-19T08:31:00.099+0000] {processor.py:830} INFO - Processing file /opt/airflow/dags/pipeline_dag.py for tasks to queue
[2026-03-19T08:31:00.102+0000] {logging_mixin.py:188} INFO - [2026-03-19T08:31:00.101+0000] {dagbag.py:545} INFO - Filling up the DagBag from /opt/airflow/dags/pipeline_dag.py
[2026-03-19T08:31:00.142+0000] {processor.py:840} INFO - DAG(s) 'hackathon_pipeline_datalake' retrieved from /opt/airflow/dags/pipeline_dag.py
[2026-03-19T08:31:00.184+0000] {logging_mixin.py:188} INFO - [2026-03-19T08:31:00.183+0000] {dag.py:3096} INFO - Sync 1 DAGs
[2026-03-19T08:31:00.251+0000] {processor.py:183} INFO - Processing /opt/airflow/dags/pipeline_dag.py took 0.163 seconds
[2026-03-19T08:31:30.407+0000] {processor.py:161} INFO - Started process (PID=460) to work on /opt/airflow/dags/pipeline_dag.py
[2026-03-19T08:31:30.409+0000] {processor.py:830} INFO - Processing file /opt/airflow/dags/pipeline_dag.py for tasks to queue
[2026-03-19T08:31:30.412+0000] {logging_mixin.py:188} INFO - [2026-03-19T08:31:30.411+0000] {dagbag.py:545} INFO - Filling up the DagBag from /opt/airflow/dags/pipeline_dag.py
[2026-03-19T08:31:30.444+0000] {processor.py:840} INFO - DAG(s) 'hackathon_pipeline_datalake' retrieved from /opt/airflow/dags/pipeline_dag.py
[2026-03-19T08:31:30.484+0000] {logging_mixin.py:188} INFO - [2026-03-19T08:31:30.484+0000] {dag.py:3096} INFO - Sync 1 DAGs
[2026-03-19T08:31:30.544+0000] {processor.py:183} INFO - Processing /opt/airflow/dags/pipeline_dag.py took 0.144 seconds
[2026-03-19T08:32:00.700+0000] {processor.py:161} INFO - Started process (PID=465) to work on /opt/airflow/dags/pipeline_dag.py
[2026-03-19T08:32:00.702+0000] {processor.py:830} INFO - Processing file /opt/airflow/dags/pipeline_dag.py for tasks to queue
[2026-03-19T08:32:00.705+0000] {logging_mixin.py:188} INFO - [2026-03-19T08:32:00.704+0000] {dagbag.py:545} INFO - Filling up the DagBag from /opt/airflow/dags/pipeline_dag.py
[2026-03-19T08:32:00.737+0000] {processor.py:840} INFO - DAG(s) 'hackathon_pipeline_datalake' retrieved from /opt/airflow/dags/pipeline_dag.py
[2026-03-19T08:32:00.791+0000] {logging_mixin.py:188} INFO - [2026-03-19T08:32:00.790+0000] {dag.py:3096} INFO - Sync 1 DAGs
[2026-03-19T08:32:00.862+0000] {processor.py:183} INFO - Processing /opt/airflow/dags/pipeline_dag.py took 0.169 seconds
[2026-03-19T08:32:31.037+0000] {processor.py:161} INFO - Started process (PID=470) to work on /opt/airflow/dags/pipeline_dag.py
[2026-03-19T08:32:31.039+0000] {processor.py:830} INFO - Processing file /opt/airflow/dags/pipeline_dag.py for tasks to queue
[2026-03-19T08:32:31.041+0000] {logging_mixin.py:188} INFO - [2026-03-19T08:32:31.041+0000] {dagbag.py:545} INFO - Filling up the DagBag from /opt/airflow/dags/pipeline_dag.py
[2026-03-19T08:32:31.078+0000] {processor.py:840} INFO - DAG(s) 'hackathon_pipeline_datalake' retrieved from /opt/airflow/dags/pipeline_dag.py
[2026-03-19T08:32:31.124+0000] {logging_mixin.py:188} INFO - [2026-03-19T08:32:31.123+0000] {dag.py:3096} INFO - Sync 1 DAGs
[2026-03-19T08:32:31.191+0000] {processor.py:183} INFO - Processing /opt/airflow/dags/pipeline_dag.py took 0.162 seconds
[2026-03-19T08:33:01.313+0000] {processor.py:161} INFO - Started process (PID=477) to work on /opt/airflow/dags/pipeline_dag.py
[2026-03-19T08:33:01.314+0000] {processor.py:830} INFO - Processing file /opt/airflow/dags/pipeline_dag.py for tasks to queue
[2026-03-19T08:33:01.317+0000] {logging_mixin.py:188} INFO - [2026-03-19T08:33:01.317+0000] {dagbag.py:545} INFO - Filling up the DagBag from /opt/airflow/dags/pipeline_dag.py
[2026-03-19T08:33:01.344+0000] {processor.py:840} INFO - DAG(s) 'hackathon_pipeline_datalake' retrieved from /opt/airflow/dags/pipeline_dag.py
[2026-03-19T08:33:01.383+0000] {logging_mixin.py:188} INFO - [2026-03-19T08:33:01.383+0000] {dag.py:3096} INFO - Sync 1 DAGs
[2026-03-19T08:33:01.470+0000] {processor.py:183} INFO - Processing /opt/airflow/dags/pipeline_dag.py took 0.164 seconds
[2026-03-19T08:33:31.704+0000] {processor.py:161} INFO - Started process (PID=484) to work on /opt/airflow/dags/pipeline_dag.py
[2026-03-19T08:33:31.705+0000] {processor.py:830} INFO - Processing file /opt/airflow/dags/pipeline_dag.py for tasks to queue
[2026-03-19T08:33:31.709+0000] {logging_mixin.py:188} INFO - [2026-03-19T08:33:31.709+0000] {dagbag.py:545} INFO - Filling up the DagBag from /opt/airflow/dags/pipeline_dag.py
[2026-03-19T08:33:31.743+0000] {processor.py:840} INFO - DAG(s) 'hackathon_pipeline_datalake' retrieved from /opt/airflow/dags/pipeline_dag.py
[2026-03-19T08:33:31.783+0000] {logging_mixin.py:188} INFO - [2026-03-19T08:33:31.783+0000] {dag.py:3096} INFO - Sync 1 DAGs
[2026-03-19T08:33:31.853+0000] {processor.py:183} INFO - Processing /opt/airflow/dags/pipeline_dag.py took 0.156 seconds
[2026-03-19T08:34:01.945+0000] {processor.py:161} INFO - Started process (PID=489) to work on /opt/airflow/dags/pipeline_dag.py
[2026-03-19T08:34:01.946+0000] {processor.py:830} INFO - Processing file /opt/airflow/dags/pipeline_dag.py for tasks to queue
[2026-03-19T08:34:01.949+0000] {logging_mixin.py:188} INFO - [2026-03-19T08:34:01.949+0000] {dagbag.py:545} INFO - Filling up the DagBag from /opt/airflow/dags/pipeline_dag.py
[2026-03-19T08:34:01.987+0000] {processor.py:840} INFO - DAG(s) 'hackathon_pipeline_datalake' retrieved from /opt/airflow/dags/pipeline_dag.py
[2026-03-19T08:34:02.034+0000] {logging_mixin.py:188} INFO - [2026-03-19T08:34:02.033+0000] {dag.py:3096} INFO - Sync 1 DAGs
[2026-03-19T08:34:02.100+0000] {processor.py:183} INFO - Processing /opt/airflow/dags/pipeline_dag.py took 0.165 seconds
[2026-03-19T08:34:32.324+0000] {processor.py:161} INFO - Started process (PID=494) to work on /opt/airflow/dags/pipeline_dag.py
[2026-03-19T08:34:32.326+0000] {processor.py:830} INFO - Processing file /opt/airflow/dags/pipeline_dag.py for tasks to queue
[2026-03-19T08:34:32.331+0000] {logging_mixin.py:188} INFO - [2026-03-19T08:34:32.330+0000] {dagbag.py:545} INFO - Filling up the DagBag from /opt/airflow/dags/pipeline_dag.py
[2026-03-19T08:34:32.379+0000] {processor.py:840} INFO - DAG(s) 'hackathon_pipeline_datalake' retrieved from /opt/airflow/dags/pipeline_dag.py
[2026-03-19T08:34:32.440+0000] {logging_mixin.py:188} INFO - [2026-03-19T08:34:32.439+0000] {dag.py:3096} INFO - Sync 1 DAGs
[2026-03-19T08:34:32.541+0000] {processor.py:183} INFO - Processing /opt/airflow/dags/pipeline_dag.py took 0.227 seconds
[2026-03-19T08:35:02.970+0000] {processor.py:161} INFO - Started process (PID=499) to work on /opt/airflow/dags/pipeline_dag.py
[2026-03-19T08:35:02.974+0000] {processor.py:830} INFO - Processing file /opt/airflow/dags/pipeline_dag.py for tasks to queue
[2026-03-19T08:35:03.013+0000] {logging_mixin.py:188} INFO - [2026-03-19T08:35:03.011+0000] {dagbag.py:545} INFO - Filling up the DagBag from /opt/airflow/dags/pipeline_dag.py
[2026-03-19T08:35:03.090+0000] {processor.py:840} INFO - DAG(s) 'hackathon_pipeline_datalake' retrieved from /opt/airflow/dags/pipeline_dag.py
[2026-03-19T08:35:03.219+0000] {logging_mixin.py:188} INFO - [2026-03-19T08:35:03.217+0000] {dag.py:3096} INFO - Sync 1 DAGs
[2026-03-19T08:35:03.371+0000] {processor.py:183} INFO - Processing /opt/airflow/dags/pipeline_dag.py took 0.421 seconds
[2026-03-19T08:35:33.653+0000] {processor.py:161} INFO - Started process (PID=504) to work on /opt/airflow/dags/pipeline_dag.py
[2026-03-19T08:35:33.655+0000] {processor.py:830} INFO - Processing file /opt/airflow/dags/pipeline_dag.py for tasks to queue
[2026-03-19T08:35:33.659+0000] {logging_mixin.py:188} INFO - [2026-03-19T08:35:33.658+0000] {dagbag.py:545} INFO - Filling up the DagBag from /opt/airflow/dags/pipeline_dag.py
[2026-03-19T08:35:33.698+0000] {processor.py:840} INFO - DAG(s) 'hackathon_pipeline_datalake' retrieved from /opt/airflow/dags/pipeline_dag.py
[2026-03-19T08:35:33.745+0000] {logging_mixin.py:188} INFO - [2026-03-19T08:35:33.745+0000] {dag.py:3096} INFO - Sync 1 DAGs
[2026-03-19T08:35:33.808+0000] {processor.py:183} INFO - Processing /opt/airflow/dags/pipeline_dag.py took 0.164 seconds
[2026-03-19T08:36:03.891+0000] {processor.py:161} INFO - Started process (PID=509) to work on /opt/airflow/dags/pipeline_dag.py
[2026-03-19T08:36:03.893+0000] {processor.py:830} INFO - Processing file /opt/airflow/dags/pipeline_dag.py for tasks to queue
[2026-03-19T08:36:03.896+0000] {logging_mixin.py:188} INFO - [2026-03-19T08:36:03.896+0000] {dagbag.py:545} INFO - Filling up the DagBag from /opt/airflow/dags/pipeline_dag.py
[2026-03-19T08:36:03.931+0000] {processor.py:840} INFO - DAG(s) 'hackathon_pipeline_datalake' retrieved from /opt/airflow/dags/pipeline_dag.py
[2026-03-19T08:36:03.981+0000] {logging_mixin.py:188} INFO - [2026-03-19T08:36:03.981+0000] {dag.py:3096} INFO - Sync 1 DAGs
[2026-03-19T08:36:04.051+0000] {processor.py:183} INFO - Processing /opt/airflow/dags/pipeline_dag.py took 0.169 seconds
[2026-03-19T08:36:34.342+0000] {processor.py:161} INFO - Started process (PID=516) to work on /opt/airflow/dags/pipeline_dag.py
[2026-03-19T08:36:34.343+0000] {processor.py:830} INFO - Processing file /opt/airflow/dags/pipeline_dag.py for tasks to queue
[2026-03-19T08:36:34.346+0000] {logging_mixin.py:188} INFO - [2026-03-19T08:36:34.345+0000] {dagbag.py:545} INFO - Filling up the DagBag from /opt/airflow/dags/pipeline_dag.py
[2026-03-19T08:36:34.380+0000] {processor.py:840} INFO - DAG(s) 'hackathon_pipeline_datalake' retrieved from /opt/airflow/dags/pipeline_dag.py
[2026-03-19T08:36:34.418+0000] {logging_mixin.py:188} INFO - [2026-03-19T08:36:34.418+0000] {dag.py:3096} INFO - Sync 1 DAGs
[2026-03-19T08:36:34.474+0000] {processor.py:183} INFO - Processing /opt/airflow/dags/pipeline_dag.py took 0.141 seconds
[2026-03-19T08:37:04.575+0000] {processor.py:161} INFO - Started process (PID=521) to work on /opt/airflow/dags/pipeline_dag.py
[2026-03-19T08:37:04.576+0000] {processor.py:830} INFO - Processing file /opt/airflow/dags/pipeline_dag.py for tasks to queue
[2026-03-19T08:37:04.579+0000] {logging_mixin.py:188} INFO - [2026-03-19T08:37:04.579+0000] {dagbag.py:545} INFO - Filling up the DagBag from /opt/airflow/dags/pipeline_dag.py
[2026-03-19T08:37:04.613+0000] {processor.py:840} INFO - DAG(s) 'hackathon_pipeline_datalake' retrieved from /opt/airflow/dags/pipeline_dag.py
[2026-03-19T08:37:04.660+0000] {logging_mixin.py:188} INFO - [2026-03-19T08:37:04.659+0000] {dag.py:3096} INFO - Sync 1 DAGs
[2026-03-19T08:37:04.733+0000] {processor.py:183} INFO - Processing /opt/airflow/dags/pipeline_dag.py took 0.166 seconds
[2026-03-19T08:37:34.948+0000] {processor.py:161} INFO - Started process (PID=526) to work on /opt/airflow/dags/pipeline_dag.py
[2026-03-19T08:37:34.951+0000] {processor.py:830} INFO - Processing file /opt/airflow/dags/pipeline_dag.py for tasks to queue
[2026-03-19T08:37:34.954+0000] {logging_mixin.py:188} INFO - [2026-03-19T08:37:34.954+0000] {dagbag.py:545} INFO - Filling up the DagBag from /opt/airflow/dags/pipeline_dag.py
[2026-03-19T08:37:34.994+0000] {processor.py:840} INFO - DAG(s) 'hackathon_pipeline_datalake' retrieved from /opt/airflow/dags/pipeline_dag.py
[2026-03-19T08:37:35.035+0000] {logging_mixin.py:188} INFO - [2026-03-19T08:37:35.034+0000] {dag.py:3096} INFO - Sync 1 DAGs
[2026-03-19T08:37:35.093+0000] {processor.py:183} INFO - Processing /opt/airflow/dags/pipeline_dag.py took 0.152 seconds
[2026-03-19T08:38:05.187+0000] {processor.py:161} INFO - Started process (PID=531) to work on /opt/airflow/dags/pipeline_dag.py
[2026-03-19T08:38:05.189+0000] {processor.py:830} INFO - Processing file /opt/airflow/dags/pipeline_dag.py for tasks to queue
[2026-03-19T08:38:05.192+0000] {logging_mixin.py:188} INFO - [2026-03-19T08:38:05.191+0000] {dagbag.py:545} INFO - Filling up the DagBag from /opt/airflow/dags/pipeline_dag.py
[2026-03-19T08:38:05.230+0000] {processor.py:840} INFO - DAG(s) 'hackathon_pipeline_datalake' retrieved from /opt/airflow/dags/pipeline_dag.py
[2026-03-19T08:38:05.280+0000] {logging_mixin.py:188} INFO - [2026-03-19T08:38:05.280+0000] {dag.py:3096} INFO - Sync 1 DAGs
[2026-03-19T08:38:05.345+0000] {processor.py:183} INFO - Processing /opt/airflow/dags/pipeline_dag.py took 0.167 seconds
[2026-03-19T08:38:35.633+0000] {processor.py:161} INFO - Started process (PID=536) to work on /opt/airflow/dags/pipeline_dag.py
[2026-03-19T08:38:35.635+0000] {processor.py:830} INFO - Processing file /opt/airflow/dags/pipeline_dag.py for tasks to queue
[2026-03-19T08:38:35.640+0000] {logging_mixin.py:188} INFO - [2026-03-19T08:38:35.638+0000] {dagbag.py:545} INFO - Filling up the DagBag from /opt/airflow/dags/pipeline_dag.py
[2026-03-19T08:38:35.682+0000] {processor.py:840} INFO - DAG(s) 'hackathon_pipeline_datalake' retrieved from /opt/airflow/dags/pipeline_dag.py
[2026-03-19T08:38:35.728+0000] {logging_mixin.py:188} INFO - [2026-03-19T08:38:35.728+0000] {dag.py:3096} INFO - Sync 1 DAGs
[2026-03-19T08:38:35.793+0000] {processor.py:183} INFO - Processing /opt/airflow/dags/pipeline_dag.py took 0.168 seconds
[2026-03-19T08:39:06.151+0000] {processor.py:161} INFO - Started process (PID=541) to work on /opt/airflow/dags/pipeline_dag.py
[2026-03-19T08:39:06.153+0000] {processor.py:830} INFO - Processing file /opt/airflow/dags/pipeline_dag.py for tasks to queue
[2026-03-19T08:39:06.158+0000] {logging_mixin.py:188} INFO - [2026-03-19T08:39:06.158+0000] {dagbag.py:545} INFO - Filling up the DagBag from /opt/airflow/dags/pipeline_dag.py
[2026-03-19T08:39:06.201+0000] {processor.py:840} INFO - DAG(s) 'hackathon_pipeline_datalake' retrieved from /opt/airflow/dags/pipeline_dag.py
[2026-03-19T08:39:06.264+0000] {logging_mixin.py:188} INFO - [2026-03-19T08:39:06.264+0000] {dag.py:3096} INFO - Sync 1 DAGs
[2026-03-19T08:39:06.335+0000] {processor.py:183} INFO - Processing /opt/airflow/dags/pipeline_dag.py took 0.192 seconds
[2026-03-19T08:39:36.596+0000] {processor.py:161} INFO - Started process (PID=550) to work on /opt/airflow/dags/pipeline_dag.py
[2026-03-19T08:39:36.598+0000] {processor.py:830} INFO - Processing file /opt/airflow/dags/pipeline_dag.py for tasks to queue
[2026-03-19T08:39:36.601+0000] {logging_mixin.py:188} INFO - [2026-03-19T08:39:36.601+0000] {dagbag.py:545} INFO - Filling up the DagBag from /opt/airflow/dags/pipeline_dag.py
[2026-03-19T08:39:36.646+0000] {processor.py:840} INFO - DAG(s) 'hackathon_pipeline_datalake' retrieved from /opt/airflow/dags/pipeline_dag.py
[2026-03-19T08:39:36.730+0000] {logging_mixin.py:188} INFO - [2026-03-19T08:39:36.729+0000] {dag.py:3096} INFO - Sync 1 DAGs
[2026-03-19T08:39:36.810+0000] {processor.py:183} INFO - Processing /opt/airflow/dags/pipeline_dag.py took 0.226 seconds
[2026-03-19T08:40:07.071+0000] {processor.py:161} INFO - Started process (PID=555) to work on /opt/airflow/dags/pipeline_dag.py
[2026-03-19T08:40:07.073+0000] {processor.py:830} INFO - Processing file /opt/airflow/dags/pipeline_dag.py for tasks to queue
[2026-03-19T08:40:07.076+0000] {logging_mixin.py:188} INFO - [2026-03-19T08:40:07.076+0000] {dagbag.py:545} INFO - Filling up the DagBag from /opt/airflow/dags/pipeline_dag.py
[2026-03-19T08:40:07.111+0000] {processor.py:840} INFO - DAG(s) 'hackathon_pipeline_datalake' retrieved from /opt/airflow/dags/pipeline_dag.py
[2026-03-19T08:40:07.162+0000] {logging_mixin.py:188} INFO - [2026-03-19T08:40:07.161+0000] {dag.py:3096} INFO - Sync 1 DAGs
[2026-03-19T08:40:07.257+0000] {processor.py:183} INFO - Processing /opt/airflow/dags/pipeline_dag.py took 0.196 seconds
[2026-03-19T08:40:37.336+0000] {processor.py:161} INFO - Started process (PID=560) to work on /opt/airflow/dags/pipeline_dag.py
[2026-03-19T08:40:37.338+0000] {processor.py:830} INFO - Processing file /opt/airflow/dags/pipeline_dag.py for tasks to queue
[2026-03-19T08:40:37.342+0000] {logging_mixin.py:188} INFO - [2026-03-19T08:40:37.341+0000] {dagbag.py:545} INFO - Filling up the DagBag from /opt/airflow/dags/pipeline_dag.py
[2026-03-19T08:40:37.380+0000] {processor.py:840} INFO - DAG(s) 'hackathon_pipeline_datalake' retrieved from /opt/airflow/dags/pipeline_dag.py
[2026-03-19T08:40:37.450+0000] {logging_mixin.py:188} INFO - [2026-03-19T08:40:37.449+0000] {dag.py:3096} INFO - Sync 1 DAGs
[2026-03-19T08:40:37.520+0000] {processor.py:183} INFO - Processing /opt/airflow/dags/pipeline_dag.py took 0.192 seconds
[2026-03-19T08:41:07.799+0000] {processor.py:161} INFO - Started process (PID=565) to work on /opt/airflow/dags/pipeline_dag.py
[2026-03-19T08:41:07.802+0000] {processor.py:830} INFO - Processing file /opt/airflow/dags/pipeline_dag.py for tasks to queue
[2026-03-19T08:41:07.808+0000] {logging_mixin.py:188} INFO - [2026-03-19T08:41:07.807+0000] {dagbag.py:545} INFO - Filling up the DagBag from /opt/airflow/dags/pipeline_dag.py
[2026-03-19T08:41:07.876+0000] {processor.py:840} INFO - DAG(s) 'hackathon_pipeline_datalake' retrieved from /opt/airflow/dags/pipeline_dag.py
[2026-03-19T08:41:07.975+0000] {logging_mixin.py:188} INFO - [2026-03-19T08:41:07.974+0000] {dag.py:3096} INFO - Sync 1 DAGs
[2026-03-19T08:41:13.201+0000] {processor.py:183} INFO - Processing /opt/airflow/dags/pipeline_dag.py took 5.416 seconds
[2026-03-19T08:41:43.470+0000] {processor.py:161} INFO - Started process (PID=570) to work on /opt/airflow/dags/pipeline_dag.py
[2026-03-19T08:41:43.472+0000] {processor.py:830} INFO - Processing file /opt/airflow/dags/pipeline_dag.py for tasks to queue
[2026-03-19T08:41:43.475+0000] {logging_mixin.py:188} INFO - [2026-03-19T08:41:43.474+0000] {dagbag.py:545} INFO - Filling up the DagBag from /opt/airflow/dags/pipeline_dag.py
[2026-03-19T08:41:43.509+0000] {processor.py:840} INFO - DAG(s) 'hackathon_pipeline_datalake' retrieved from /opt/airflow/dags/pipeline_dag.py
[2026-03-19T08:41:43.552+0000] {logging_mixin.py:188} INFO - [2026-03-19T08:41:43.552+0000] {dag.py:3096} INFO - Sync 1 DAGs
[2026-03-19T08:41:43.837+0000] {processor.py:183} INFO - Processing /opt/airflow/dags/pipeline_dag.py took 0.375 seconds
[2026-03-19T08:42:14.112+0000] {processor.py:161} INFO - Started process (PID=575) to work on /opt/airflow/dags/pipeline_dag.py
[2026-03-19T08:42:14.114+0000] {processor.py:830} INFO - Processing file /opt/airflow/dags/pipeline_dag.py for tasks to queue
[2026-03-19T08:42:14.118+0000] {logging_mixin.py:188} INFO - [2026-03-19T08:42:14.117+0000] {dagbag.py:545} INFO - Filling up the DagBag from /opt/airflow/dags/pipeline_dag.py
[2026-03-19T08:42:14.166+0000] {processor.py:840} INFO - DAG(s) 'hackathon_pipeline_datalake' retrieved from /opt/airflow/dags/pipeline_dag.py
[2026-03-19T08:42:14.209+0000] {logging_mixin.py:188} INFO - [2026-03-19T08:42:14.209+0000] {dag.py:3096} INFO - Sync 1 DAGs
[2026-03-19T08:42:14.270+0000] {processor.py:183} INFO - Processing /opt/airflow/dags/pipeline_dag.py took 0.166 seconds
