[2026-03-19T22:41:05.190+0000] {local_task_job_runner.py:120} INFO - ::group::Pre task execution logs
[2026-03-19T22:41:05.218+0000] {taskinstance.py:2076} INFO - Dependencies all met for dep_context=non-requeueable deps ti=<TaskInstance: hackathon_pipeline_datalake.run_ocr scheduled__2026-03-19T22:35:00+00:00 [queued]>
[2026-03-19T22:41:05.227+0000] {taskinstance.py:2076} INFO - Dependencies all met for dep_context=requeueable deps ti=<TaskInstance: hackathon_pipeline_datalake.run_ocr scheduled__2026-03-19T22:35:00+00:00 [queued]>
[2026-03-19T22:41:05.227+0000] {taskinstance.py:2306} INFO - Starting attempt 2 of 2
[2026-03-19T22:41:05.236+0000] {taskinstance.py:2330} INFO - Executing <Task(PythonOperator): run_ocr> on 2026-03-19 22:35:00+00:00
[2026-03-19T22:41:05.244+0000] {standard_task_runner.py:90} INFO - Running: ['***', 'tasks', 'run', 'hackathon_pipeline_datalake', 'run_ocr', 'scheduled__2026-03-19T22:35:00+00:00', '--job-id', '310', '--raw', '--subdir', 'DAGS_FOLDER/pipeline_dag.py', '--cfg-path', '/tmp/tmpkwysj8n6']
[2026-03-19T22:41:05.245+0000] {logging_mixin.py:188} WARNING - /home/***/.local/lib/python3.12/site-packages/***/task/task_runner/standard_task_runner.py:61 DeprecationWarning: This process (pid=671) is multi-threaded, use of fork() may lead to deadlocks in the child.
[2026-03-19T22:41:05.247+0000] {standard_task_runner.py:91} INFO - Job 310: Subtask run_ocr
[2026-03-19T22:41:05.248+0000] {standard_task_runner.py:63} INFO - Started process 672 to run task
[2026-03-19T22:41:05.296+0000] {task_command.py:426} INFO - Running <TaskInstance: hackathon_pipeline_datalake.run_ocr scheduled__2026-03-19T22:35:00+00:00 [running]> on host ce98eec11ff1
[2026-03-19T22:41:05.372+0000] {taskinstance.py:2648} INFO - Exporting env vars: AIRFLOW_CTX_DAG_OWNER='data-team' AIRFLOW_CTX_DAG_ID='hackathon_pipeline_datalake' AIRFLOW_CTX_TASK_ID='run_ocr' AIRFLOW_CTX_EXECUTION_DATE='2026-03-19T22:35:00+00:00' AIRFLOW_CTX_TRY_NUMBER='2' AIRFLOW_CTX_DAG_RUN_ID='scheduled__2026-03-19T22:35:00+00:00'
[2026-03-19T22:41:05.374+0000] {taskinstance.py:430} INFO - ::endgroup::
[2026-03-19T22:41:06.421+0000] {_client.py:1027} INFO - HTTP Request: POST http://ocr-service:8002/process "HTTP/1.1 200 OK"
[2026-03-19T22:41:06.423+0000] {pipeline_dag.py:204} INFO - [OCR] Via service HTTP : 0 caractères extraits
[2026-03-19T22:41:06.425+0000] {taskinstance.py:441} INFO - ::group::Post task execution logs
[2026-03-19T22:41:06.425+0000] {taskinstance.py:2905} ERROR - Task failed with exception
Traceback (most recent call last):
  File "/home/airflow/.local/lib/python3.12/site-packages/airflow/models/taskinstance.py", line 465, in _execute_task
    result = _execute_callable(context=context, **execute_callable_kwargs)
             ^^^^^^^^^^^^^^^^^^^^^^^^^^^^^^^^^^^^^^^^^^^^^^^^^^^^^^^^^^^^^
  File "/home/airflow/.local/lib/python3.12/site-packages/airflow/models/taskinstance.py", line 432, in _execute_callable
    return execute_callable(context=context, **execute_callable_kwargs)
           ^^^^^^^^^^^^^^^^^^^^^^^^^^^^^^^^^^^^^^^^^^^^^^^^^^^^^^^^^^^^
  File "/home/airflow/.local/lib/python3.12/site-packages/airflow/models/baseoperator.py", line 400, in wrapper
    return func(self, *args, **kwargs)
           ^^^^^^^^^^^^^^^^^^^^^^^^^^^
  File "/home/airflow/.local/lib/python3.12/site-packages/airflow/operators/python.py", line 235, in execute
    return_value = self.execute_callable()
                   ^^^^^^^^^^^^^^^^^^^^^^^
  File "/home/airflow/.local/lib/python3.12/site-packages/airflow/operators/python.py", line 252, in execute_callable
    return self.python_callable(*self.op_args, **self.op_kwargs)
           ^^^^^^^^^^^^^^^^^^^^^^^^^^^^^^^^^^^^^^^^^^^^^^^^^^^^^
  File "/opt/airflow/dags/pipeline_dag.py", line 222, in run_ocr
    raise RuntimeError(f"OCR échoué : aucun texte extrait de {filename}")
RuntimeError: OCR échoué : aucun texte extrait de facture.pdf
[2026-03-19T22:41:06.444+0000] {taskinstance.py:1206} INFO - Marking task as FAILED. dag_id=hackathon_pipeline_datalake, task_id=run_ocr, run_id=scheduled__2026-03-19T22:35:00+00:00, execution_date=20260319T223500, start_date=20260319T224105, end_date=20260319T224106
[2026-03-19T22:41:06.459+0000] {standard_task_runner.py:110} ERROR - Failed to execute job 310 for task run_ocr (OCR échoué : aucun texte extrait de facture.pdf; 672)
[2026-03-19T22:41:06.508+0000] {local_task_job_runner.py:240} INFO - Task exited with return code 1
[2026-03-19T22:41:06.535+0000] {taskinstance.py:3498} INFO - 0 downstream tasks scheduled from follow-on schedule check
[2026-03-19T22:41:06.542+0000] {local_task_job_runner.py:222} INFO - ::endgroup::
